
> avadhoot1905@0.1.0 build
> npm run fetch-data && next build


> avadhoot1905@0.1.0 fetch-data
> tsx scripts/fetch-build-data.ts

🚀 Starting build-time data fetch...

🔍 Fetching GitHub data...
🔍 Fetching LeetCode data...
🔍 Fetching Medium data...
✅ GitHub data saved: /Users/avi19/Documents/projects/Avadhoot1905/public/data/github.json
   User: Avadhoot Ganesh Mahadik (Avadhoot1905)
   Repos: 6
✅ Medium data saved: /Users/avi19/Documents/projects/Avadhoot1905/public/data/medium.json
   Posts: 3
❌ LeetCode fetch failed: Error: LeetCode stats API error: 503
    at fetchLeetCodeData (/Users/avi19/Documents/projects/Avadhoot1905/scripts/fetch-build-data.ts:101:13)
    at process.processTicksAndRejections (node:internal/process/task_queues:105:5)
    at async Promise.all (index 1)
    at async main (/Users/avi19/Documents/projects/Avadhoot1905/scripts/fetch-build-data.ts:217:3)

✨ Build data fetch completed in 33.96s
📁 Data saved to: /Users/avi19/Documents/projects/Avadhoot1905/public/data

📦 These JSON files will be bundled in the static export.
▲ Next.js 16.1.6 (Turbopack)
- Environments: .env

  Creating an optimized production build ...
✓ Compiled successfully in 7.6s
  Running TypeScript ...
  Collecting page data using 13 workers ...
  Generating static pages using 13 workers (0/3) ...
✓ Generating static pages using 13 workers (3/3) in 156.5ms
  Finalizing page optimization ...

Route (app)
┌ ○ /
└ ○ /_not-found


○  (Static)  prerendered as static content

